**********************
Windows PowerShell transcript start
Start time: 20260621150133
Username: LAPTOP-4RH1OKFP\Akshay Kamat
RunAs User: LAPTOP-4RH1OKFP\Akshay Kamat
Configuration Name: 
Machine: LAPTOP-4RH1OKFP (Microsoft Windows NT 10.0.22621.0)
Host Application: C:\WINDOWS\System32\WindowsPowerShell\v1.0\powershell.exe -ExecutionPolicy Bypass -File C:\Users\Akshay Kamat\OneDrive\AI creations\task-droid-ai\docker-wsl-admin-repair.ps1
Process ID: 13064
PSVersion: 5.1.22621.4391
PSEdition: Desktop
PSCompatibleVersions: 1.0, 2.0, 3.0, 4.0, 5.0, 5.1.22621.4391
BuildVersion: 10.0.22621.4391
CLRVersion: 4.0.30319.42000
WSManStackVersion: 3.0
PSRemotingProtocolVersion: 2.3
SerializationVersion: 1.1.0.1
**********************
== Docker/WSL admin repair started: 2026-06-21T15:01:33.4648057+05:30 ==

== Enabling Windows optional features ==

-- Microsoft-Windows-Subsystem-Linux --
WARNING: Restart is suppressed because NoRestart is specified.


Path          :
Online        : True
RestartNeeded : True


-- VirtualMachinePlatform --
WARNING: Restart is suppressed because NoRestart is specified.
Path          :
Online        : True
RestartNeeded : True


-- HypervisorPlatform --
WARNING: Restart is suppressed because NoRestart is specified.
Path          :
Online        : True
RestartNeeded : True


== Setting hypervisor launch type ==
The operation completed successfully.

== Service status before start ==



Name       DisplayName                   Status StartType
----       -----------                   ------ ---------
hns        Host Network Service         Running    Manual
vmcompute  Hyper-V Host Compute Service Running    Manual
WSLService WSL Service                  Running Automatic



== Starting services ==

== Service status after start ==

Name       DisplayName                   Status StartType
----       -----------                   ------ ---------
hns        Host Network Service         Running    Manual
vmcompute  Hyper-V Host Compute Service Running    Manual
WSLService WSL Service                  Running Automatic



== WSL status ==
Default Distribution: docker-desktop
Default Version: 2
WSL1 is not supported with your current machine configuration.
Please enable the "Windows Subsystem for Linux" optional component to use WSL1.
  NAME              STATE           VERSION
* docker-desktop    Running         2

== Complete ==
If any feature changed state, reboot Windows before retrying Docker Desktop.
**********************
Windows PowerShell transcript end
End time: 20260621150207
**********************
